<?xml version="1.0" encoding="UTF-8"?>
<testsuites name="Mocha Tests" time="0.128" tests="27" failures="0">
  <testsuite name="Root Suite" timestamp="2022-11-02T01:57:02" tests="0" time="0.000" failures="0">
  </testsuite>
  <testsuite name="forgot password unit test" timestamp="2022-11-02T01:57:02" tests="0" file="C:\Users\Public\Cookies\backend\test\forgotPasswordTest.js" time="0.000" failures="0">
  </testsuite>
  <testsuite name="Valid email test" timestamp="2022-11-02T01:57:02" tests="1" file="C:\Users\Public\Cookies\backend\test\forgotPasswordTest.js" time="0.003" failures="0">
    <testcase name="forgot password unit test Valid email test result should be undefined" time="0.001" classname="result should be undefined">
    </testcase>
  </testsuite>
  <testsuite name="Invalid email test" timestamp="2022-11-02T01:57:02" tests="1" file="C:\Users\Public\Cookies\backend\test\forgotPasswordTest.js" time="0.000" failures="0">
    <testcase name="forgot password unit test Invalid email test Email should be Invalid" time="0.000" classname="Email should be Invalid">
    </testcase>
  </testsuite>
  <testsuite name="Empty email test" timestamp="2022-11-02T01:57:02" tests="1" file="C:\Users\Public\Cookies\backend\test\forgotPasswordTest.js" time="0.001" failures="0">
    <testcase name="forgot password unit test Empty email test Email should be Invalid" time="0.000" classname="Email should be Invalid">
    </testcase>
  </testsuite>
  <testsuite name="register account unit test" timestamp="2022-11-02T01:57:02" tests="0" file="C:\Users\Public\Cookies\backend\test\registerTest.js" time="0.000" failures="0">
  </testsuite>
  <testsuite name="Validate sign up fields test" timestamp="2022-11-02T01:57:02" tests="1" file="C:\Users\Public\Cookies\backend\test\registerTest.js" time="0.001" failures="0">
    <testcase name="register account unit test Validate sign up fields test Result should be invalid name format" time="0.001" classname="Result should be invalid name format">
    </testcase>
  </testsuite>
  <testsuite name="Validate sign up fields test" timestamp="2022-11-02T01:57:02" tests="1" file="C:\Users\Public\Cookies\backend\test\registerTest.js" time="0.000" failures="0">
    <testcase name="register account unit test Validate sign up fields test Result should be invalid email format" time="0.000" classname="Result should be invalid email format">
    </testcase>
  </testsuite>
  <testsuite name="Validate sign up fields test" timestamp="2022-11-02T01:57:02" tests="1" file="C:\Users\Public\Cookies\backend\test\registerTest.js" time="0.001" failures="0">
    <testcase name="register account unit test Validate sign up fields test Result should be invalid password1 format" time="0.001" classname="Result should be invalid password1 format">
    </testcase>
  </testsuite>
  <testsuite name="Validate sign up fields test" timestamp="2022-11-02T01:57:02" tests="1" file="C:\Users\Public\Cookies\backend\test\registerTest.js" time="0.000" failures="0">
    <testcase name="register account unit test Validate sign up fields test Result should be invalid password2 format" time="0.000" classname="Result should be invalid password2 format">
    </testcase>
  </testsuite>
  <testsuite name="Validate sign up fields test" timestamp="2022-11-02T01:57:02" tests="1" file="C:\Users\Public\Cookies\backend\test\registerTest.js" time="0.000" failures="0">
    <testcase name="register account unit test Validate sign up fields test Result should be valid" time="0.000" classname="Result should be valid">
    </testcase>
  </testsuite>
  <testsuite name="Empty name field test" timestamp="2022-11-02T01:57:02" tests="1" file="C:\Users\Public\Cookies\backend\test\registerTest.js" time="0.001" failures="0">
    <testcase name="register account unit test Empty name field test Result should not be valid" time="0.001" classname="Result should not be valid">
    </testcase>
  </testsuite>
  <testsuite name="Empty email field test" timestamp="2022-11-02T01:57:02" tests="1" file="C:\Users\Public\Cookies\backend\test\registerTest.js" time="0.000" failures="0">
    <testcase name="register account unit test Empty email field test Result should not be valid" time="0.000" classname="Result should not be valid">
    </testcase>
  </testsuite>
  <testsuite name="Empty password field test" timestamp="2022-11-02T01:57:02" tests="1" file="C:\Users\Public\Cookies\backend\test\registerTest.js" time="0.000" failures="0">
    <testcase name="register account unit test Empty password field test Result should not be valid" time="0.000" classname="Result should not be valid">
    </testcase>
  </testsuite>
  <testsuite name="Empty confirm password field test" timestamp="2022-11-02T01:57:02" tests="1" file="C:\Users\Public\Cookies\backend\test\registerTest.js" time="0.001" failures="0">
    <testcase name="register account unit test Empty confirm password field test Result should not be valid" time="0.000" classname="Result should not be valid">
    </testcase>
  </testsuite>
  <testsuite name="sign in unit test" timestamp="2022-11-02T01:57:02" tests="0" file="C:\Users\Public\Cookies\backend\test\signInTest.js" time="0.000" failures="0">
  </testsuite>
  <testsuite name="Captcha test" timestamp="2022-11-02T01:57:02" tests="1" file="C:\Users\Public\Cookies\backend\test\signInTest.js" time="0.113" failures="0">
    <testcase name="sign in unit test Captcha test Captcha should fail" time="0.113" classname="Captcha should fail">
    </testcase>
  </testsuite>
  <testsuite name="Valid input fields test" timestamp="2022-11-02T01:57:02" tests="1" file="C:\Users\Public\Cookies\backend\test\signInTest.js" time="0.000" failures="0">
    <testcase name="sign in unit test Valid input fields test Result should be valid" time="0.000" classname="Result should be valid">
    </testcase>
  </testsuite>
  <testsuite name="Invalid email test" timestamp="2022-11-02T01:57:02" tests="1" file="C:\Users\Public\Cookies\backend\test\signInTest.js" time="0.000" failures="0">
    <testcase name="sign in unit test Invalid email test Result should be Invalid" time="0.000" classname="Result should be Invalid">
    </testcase>
  </testsuite>
  <testsuite name="Invalid password test" timestamp="2022-11-02T01:57:02" tests="1" file="C:\Users\Public\Cookies\backend\test\signInTest.js" time="0.001" failures="0">
    <testcase name="sign in unit test Invalid password test Result should be Invalid" time="0.000" classname="Result should be Invalid">
    </testcase>
  </testsuite>
  <testsuite name="empty email field test" timestamp="2022-11-02T01:57:02" tests="1" file="C:\Users\Public\Cookies\backend\test\signInTest.js" time="0.000" failures="0">
    <testcase name="sign in unit test empty email field test Result should not be valid" time="0.000" classname="Result should not be valid">
    </testcase>
  </testsuite>
  <testsuite name="empty password field test" timestamp="2022-11-02T01:57:02" tests="1" file="C:\Users\Public\Cookies\backend\test\signInTest.js" time="0.000" failures="0">
    <testcase name="sign in unit test empty password field test Result should not be valid" time="0.000" classname="Result should not be valid">
    </testcase>
  </testsuite>
  <testsuite name="update personal account unit test" timestamp="2022-11-02T01:57:02" tests="0" file="C:\Users\Public\Cookies\backend\test\updateProfileTest.js" time="0.000" failures="0">
  </testsuite>
  <testsuite name="Validate update profile fields test" timestamp="2022-11-02T01:57:02" tests="1" file="C:\Users\Public\Cookies\backend\test\updateProfileTest.js" time="0.001" failures="0">
    <testcase name="update personal account unit test Validate update profile fields test Result should be invalid name format" time="0.000" classname="Result should be invalid name format">
    </testcase>
  </testsuite>
  <testsuite name="Validate update profile fields test" timestamp="2022-11-02T01:57:02" tests="1" file="C:\Users\Public\Cookies\backend\test\updateProfileTest.js" time="0.000" failures="0">
    <testcase name="update personal account unit test Validate update profile fields test Result should be invalid email format" time="0.000" classname="Result should be invalid email format">
    </testcase>
  </testsuite>
  <testsuite name="Validate update profile fields test" timestamp="2022-11-02T01:57:02" tests="1" file="C:\Users\Public\Cookies\backend\test\updateProfileTest.js" time="0.000" failures="0">
    <testcase name="update personal account unit test Validate update profile fields test Result should be invalid old password format" time="0.000" classname="Result should be invalid old password format">
    </testcase>
  </testsuite>
  <testsuite name="Validate update profile fields test" timestamp="2022-11-02T01:57:02" tests="1" file="C:\Users\Public\Cookies\backend\test\updateProfileTest.js" time="0.001" failures="0">
    <testcase name="update personal account unit test Validate update profile fields test Result should be invalid new password format" time="0.000" classname="Result should be invalid new password format">
    </testcase>
  </testsuite>
  <testsuite name="Validate update profile fields test" timestamp="2022-11-02T01:57:02" tests="1" file="C:\Users\Public\Cookies\backend\test\updateProfileTest.js" time="0.000" failures="0">
    <testcase name="update personal account unit test Validate update profile fields test Result should be valid" time="0.000" classname="Result should be valid">
    </testcase>
  </testsuite>
  <testsuite name="Validate update profile fields test" timestamp="2022-11-02T01:57:02" tests="1" file="C:\Users\Public\Cookies\backend\test\updateProfileTest.js" time="0.000" failures="0">
    <testcase name="update personal account unit test Validate update profile fields test Result should be not be valid" time="0.000" classname="Result should be not be valid">
    </testcase>
  </testsuite>
  <testsuite name="Validate update profile fields test" timestamp="2022-11-02T01:57:02" tests="1" file="C:\Users\Public\Cookies\backend\test\updateProfileTest.js" time="0.000" failures="0">
    <testcase name="update personal account unit test Validate update profile fields test Result should be not be valid" time="0.000" classname="Result should be not be valid">
    </testcase>
  </testsuite>
  <testsuite name="Validate update profile fields test" timestamp="2022-11-02T01:57:02" tests="1" file="C:\Users\Public\Cookies\backend\test\updateProfileTest.js" time="0.001" failures="0">
    <testcase name="update personal account unit test Validate update profile fields test Result should be not be valid" time="0.000" classname="Result should be not be valid">
    </testcase>
  </testsuite>
  <testsuite name="Validate update profile fields test" timestamp="2022-11-02T01:57:02" tests="1" file="C:\Users\Public\Cookies\backend\test\updateProfileTest.js" time="0.000" failures="0">
    <testcase name="update personal account unit test Validate update profile fields test Result should be not be valid" time="0.000" classname="Result should be not be valid">
    </testcase>
  </testsuite>
</testsuites>